C51 COMPILER V9.60.0.0   TEXT1                                                             12/13/2020 01:17:48 PAGE 1   


C51 COMPILER V9.60.0.0, COMPILATION OF MODULE TEXT1
OBJECT MODULE PLACED IN ..\output\Text1.obj
COMPILER INVOKED BY: C:\Keil_v5\C51\BIN\C51.EXE ..\source\Text1.c OPTIMIZE(8,SPEED) BROWSE DEBUG OBJECTEXTEND PRINT(..\l
                    -isting\Text1.lst) TABS(2) OBJECT(..\output\Text1.obj)

line level    source

   1          //显示 室外温度 室内温度 温度阈值 占空比
   2          //蓝牙发送 室外温度 室内温度 温度阈值 占空比
   3          //蓝牙接收 阈值 占空比
   4          //按键 1选择 2加 3减
   5          //定时器1 9600波特率 定时器2 pwm
   6          //定时器0 
   7          
   8          
   9          
  10          #include "eeprom.h"
  11          #include <reg52.h>
  12          #include <string.h>
  13          #include <intrins.h>
  14          #include "lcd1602.h"
  15          #include "anjian.h"
  16          #include "delay.h"
  17          #include "lanya.h"
  18          //#include "temp.h"
  19          //#include "temp 1.h"
  20          #include "ds18b20.h"
  21          #define uchar unsigned char
  22          #define uint unsigned int
  23          #define FOSC 11.0592 // 系统晶振频率11.0592MHz
  24          
  25          /*distance   表示此次加药剂量
  26          m时间间隔
  27          l模式
  28          h次数
  29          zkb占空比
  30          pl 频率
  31          FACTOR流量计算系数
  32          */
  33          
  34          
  35          
  36            
  37          /*主模块端口定义*/
  38          //sbit pwm = P1^7; // 电机实际动作
  39          sbit pwm = P2^1; // 电机实际动作
  40          sbit aaa=P2^0;
  41          sbit led1 = P2^2; // 声光报警
  42          
  43          
  44          
  45          
  46          
  47          /*主模块函数声明*/
  48          
  49          static uint iiii=0;/*定义全局变量*/ 
  50          uchar TxStr[3] = {0};
  51          uint wenduo = 0; // 温度
  52          uint wendui = 0; // 温度
  53          unsigned int sw,d,ll,pl,pl1,pwmt,led,yunxing; 
  54          uchar djb,gaowen,diwen,zkb,zkb2,dj,zkbb,djbb;
C51 COMPILER V9.60.0.0   TEXT1                                                             12/13/2020 01:17:48 PAGE 2   

  55          uint zkb1;//led 呼吸灯占空比
  56          uint bz;//回头标志
  57          uint w35;//温度是否高于35度
  58          /*distance   表示此次加药剂量
  59          m时间间隔
  60          l模式
  61          h次数
  62          zkb占空比
  63          pl 频率
  64          shijian 单片机运行实际时间
  65          dj 不记pwm情况下的电机启动
  66          外部中断0 跳沿触发 计算圈数
  67          定时器0  计时
  68          定时器1 产生波特率
  69          定时器2 pwm调速
  70          实际流量=圈数*流量计算系数
  71          
  72          */
  73          
  74          
  75          /*主函数*/
  76          void main(){
  77   1        pl1=400;//1khz
  78   1        pl=8;
  79   1        zkb=50;//30%
  80   1        zkb1=0;
  81   1        aaa=1;
  82   1        delay(10);
  83   1        zkb2=50;
  84   1        pwmt=0;
  85   1        gaowen=30;
  86   1        diwen=15;
  87   1        sw=0;
  88   1        dj=1;
  89   1        djb=0;
  90   1        djbb=0;
  91   1        zkbb=0;
  92   1        yunxing=1;
  93   1        LCDInit();
  94   1        timerInit();
  95   1      
  96   1      /*eeprom  */
  97   1      
  98   1      
  99   1      
 100   1       TxStr[0] = byte_read(0x2001);     //从地址0x2001读取一个字节
 101   1          TxStr[1] = byte_read(0x2002);     //从地址0x2002读取一个字节
 102   1       diwen=TxStr[0];
 103   1        gaowen=TxStr[1];
 104   1      
 105   1       
 106   1          delay(200);        //延时2s
 107   1      
 108   1          while(1)
 109   1          {   /*  EA=0;
 110   2                wenduo= Ds18b20ReadTemp()-100 ;
 111   2      
 112   2                wendui= Ds18b20ReadTemp1()-100 ;
 113   2            
 114   2        
 115   2                EA=1;*/
 116   2                wenduo= temper_change1()/10;
C51 COMPILER V9.60.0.0   TEXT1                                                             12/13/2020 01:17:48 PAGE 3   

 117   2      
 118   2                wendui= temper_change2()/10;
 119   2      
 120   2        if(yunxing==1)  //程序允许运行
 121   2        { if(zkbb==0&&djbb==0)
 122   3          {if(wendui>diwen*10)    //室内温度大于低温阈值
 123   4          { if(wendui>wenduo) //室内温度大于室外温度
 124   5            { dj=1;       //电机标志启动
 125   6              zkb=(wendui-diwen*10)/3;
 126   6              if(zkb>=90) zkb=90;
 127   6             }
 128   5      
 129   5          }
 130   4        
 131   4          if(wendui<wenduo)      //室内温度低于室外温度
 132   4          {dj=0;             //关电机
 133   5          }
 134   4      
 135   4        }
 136   3          if(wendui>gaowen*10)       //   温度高于阈值 报警
 137   3          { led=1;zkb2=2+(wendui/10-gaowen);
 138   4            }
 139   3          if(wendui<gaowen*10)       //   温度低于阈值 停止报警
 140   3          { led=0;
 141   4            }
 142   3          if(wendui>350)       //   温度>35 标志
 143   3          { w35=1;
 144   4            }
 145   3          if(wendui<350)       //   温度<35 标志
 146   3          { w35=0;
 147   4            }
 148   3          
 149   3          
 150   3      
 151   3      
 152   3        }
 153   2        display(wenduo,wendui,diwen,gaowen,zkb,sw);   // 室外温度 室内温度 低温阈值 高温阈值 电机占空比
 154   2           anjian();
 155   2      
 156   2          
 157   2        
 158   2      
 159   2      
 160   2      
 161   2      
 162   2      
 163   2          if(dj==1)
 164   2            TR2=1;
 165   2          if(dj==0) 
 166   2            {TR2=0;
 167   3             pwm=1;
 168   3             }
 169   2            if(djb==1)
 170   2            {
 171   3                dj=1;
 172   3                delay(50);
 173   3            }
 174   2            if(djb==0)
 175   2            {
 176   3                dj=0;
 177   3                delay(10);
 178   3            }
C51 COMPILER V9.60.0.0   TEXT1                                                             12/13/2020 01:17:48 PAGE 4   

 179   2          
 180   2          if(led==1)
 181   2          {  TR0=1 ;
 182   3            }
 183   2          if(led==0)
 184   2          {  TR0=0;
 185   3            led1=0;
 186   3            }
 187   2      if(diwen!=TxStr[0]||gaowen!=TxStr[1])
 188   2        {
 189   3          SectorErase(0x2000);    //擦除第一扇区
 190   3         byte_write(0x2001,diwen);   //在地址为0x2001的内存写入一个字节
 191   3          byte_write(0x2002,gaowen);   //在地址为0x2002的内存写入一个字节
 192   3          delay(200);       //延时1s
 193   3        }
 194   2      
 195   2      
 196   2      
 197   2      }
 198   1      }
 199          
 200          
 201          
 202          
 203          void timer0Service() interrupt 1{  // 定时器0中断    秒计时
 204   1        
 205   1      
 206   1      
 207   1      
 208   1        TH0 = (65535 - 900) / 256;
 209   1        TL0 = (65535 - 900) % 256;
 210   1        iiii++;
 211   1        if(w35==0){
 212   2          
 213   2        if(zkb1>=900)
 214   2        {bz=1;
 215   3      
 216   3        }
 217   2      
 218   2        if(zkb1<=200)
 219   2        {bz=0;
 220   3        }
 221   2      
 222   2        if(iiii>=pl)
 223   2        {iiii=0;
 224   3      
 225   3        if(bz==1)zkb1=zkb1-zkb2;
 226   3        if(bz==0)zkb1=zkb1+zkb2;
 227   3         
 228   3         
 229   3        }
 230   2         
 231   2        
 232   2      
 233   2        if(iiii>zkb1/100)
 234   2        { led1=0;
 235   3        }
 236   2        if(iiii<zkb1/100)
 237   2        {led1=1;
 238   3         }
 239   2       }
 240   1        if(w35==1)
C51 COMPILER V9.60.0.0   TEXT1                                                             12/13/2020 01:17:48 PAGE 5   

 241   1        {if(iiii>450)
 242   2          iiii=0;
 243   2          if(iiii<0.5*450)led1=0;
 244   2          if(iiii>0.5*450)led1=1;
 245   2        }
 246   1      
 247   1      
 248   1      }
 249          
 250          
 251          
 252          
 253          /*timer2溢出中断服务程序*/
 254          void timer2Service() interrupt 5{  // pwm调速
 255   1      
 256   1        TF2=0;
 257   1        pwmt++;
 258   1        
 259   1      if(pwmt>=pl1) //1khz
 260   1       
 261   1      pwmt=0;
 262   1       
 263   1      if(pwmt<=zkb*4) //占空比%30,可改
 264   1       
 265   1      pwm=0;
 266   1       
 267   1      if(pwmt>zkb*4) pwm=1;
 268   1       
 269   1      
 270   1      
 271   1      }
 272          
 273          
 274          /*pwmt pwm调速中的时间
 275          zkb   占空比
 276          pl 频率
 277          pwm 电机实际输出
 278          TF2 定时器2 溢出重置
 279          */
 280          
 281          
 282          /*模式 ：5 / 10 / 15
 283          加药速度：
 284          计量
 285          加料时间
 286          次数
 287          */
 288          
 289          
 290          


MODULE INFORMATION:   STATIC OVERLAYABLE
   CODE SIZE        =    810    ----
   CONSTANT SIZE    =   ----    ----
   XDATA SIZE       =   ----    ----
   PDATA SIZE       =   ----    ----
   DATA SIZE        =     39    ----
   IDATA SIZE       =   ----    ----
   BIT SIZE         =   ----    ----
END OF MODULE INFORMATION.


C51 COMPILATION COMPLETE.  0 WARNING(S),  0 ERROR(S)
